>Alternaria_solani_NL03003
>Arthonia_radiata_EZ20314
>Aspergillus_fumigatus_Af293
>Aureobasidium_mangrovei_IBRCM30265
>Aureobasidium_sp.AWRI4619-CO-2020
>Baudoinia_panamericana_UAMH10762
>Capronia_coronata_CBS617.96
>Cenococcum_geophilum_1.58
>Coniosporium_apollinis_CBS100218
>Coniosporium_tulheliwenetii_JES115
>Exophiala_dermatitidis_NIH.UT8656
>Exophiala_xenobiotica_CBS118157
>Fonsecaea_pedrosoi_CBS271.37
>Friedmanniomyces_endolithicus_CCFEE5311
>Friedmanniomyces_simplex_CCFEE5184
>Hortaea_werneckii_EXF-2000
>Knufia_petricola_MA5789
>Leptosphaeria_biglobosa_CA1
>Leptosphaeria_maculans_JN3
>Neohortaea_acidophila_CBS113389
>Neophaeococcomyces_aloes_FJII-L3-CM-P2
>Neophaeococcomyces_mojaviensis_JES112
>Phaeosphaeria_sp.MPI-PUGE-AT-0046c
>Polychaeton_citri_CBS116435
>Polyplosphaeria_fusca_CBS125425
>Salinomyces_thailandica_CCFEE6315
>Scorias_spongiosa_HLSS1
>Taxawa_tesnikishii_JES119
>Teratosphaeria_gauchensis_CMW17545
>Tuber_melanosporum
>Tuber_melanosporum_Mel28
>Venturia_pyrina_ICMP11032
>Zalaria_obscura_FKI-L7-BK-DRAB2
>Zymoseptoria_tritici_CBS100329
